```
2024-09-09 12:00:02 Error 500: Internal Server Error
2024-09-09 12:00:03 Status 200: OK
2024-09-09 12:00:05 Error 403: Forbidden
2024-09-09 12:00:06 Status 201: Created
2024-09-09 12:00:08 Error 401: Unauthorized
2024-09-09 12:00:09 Status 200: OK
2024-09-09 12:00:11 Error 502: Bad Gateway
2024-09-09 12:00:12 Status 204: No Content
2024-09-09 12:00:15 Error 400: Bad Request
2024-09-09 12:00:17 Status 200: OK
2024-09-09 12:00:19 Error 503: Service Unavailable
2024-09-09 12:00:20 Error 408: Request Timeout
2024-09-09 12:00:22 Status 200: OK
2024-09-09 12:00:25 Status 202: Accepted
2024-09-09 12:00:27 Error 404: Page not found
2024-09-09 12:00:28 Status 200: OK
2024-09-09 12:00:30 Error 429: Too Many Requests
2024-09-09 12:00:32 Status 301: Moved Permanently
2024-09-09 12:00:35 Error 504: Gateway Timeout
2024-09-09 12:00:36 Status 200: OK
2024-09-09 12:00:38 Error 405: Method Not Allowed
2024-09-09 12:00:41 Status 302: Found
2024-09-09 12:00:43 Error 400: Bad Request
2024-09-09 12:00:44 Status 200: OK
2024-09-09 12:00:46 Error 422: Unprocessable Entity
2024-09-09 12:00:48 Status 200: OK
2024-09-09 12:00:50 Error 500: Internal Server Error
2024-09-09 12:00:52 Status 201: Created
2024-09-09 12:00:55 Error 404: Page not found
2024-09-09 12:00:57 Error 403: Forbidden
2024-09-09 12:00:58 Status 200: OK
2024-09-09 12:01:01 Status 304: Not Modified
2024-09-09 12:01:03 Error 409: Conflict
2024-09-09 12:01:05 Status 200: OK
2024-09-09 12:01:08 Error 502: Bad Gateway
2024-09-09 12:01:10 Status 200: OK
2024-09-09 12:01:12 Error 401: Unauthorized
2024-09-09 12:01:15 Status 204: No Content
2024-09-09 12:01:17 Error 503: Service Unavailable
2024-09-09 12:01:19 Status 200: OK

```