2024-09-09 12:00:03 Status 200: OK
2024-09-09 12:00:06 Status 201: Created
2024-09-09 12:00:09 Status 200: OK
2024-09-09 12:00:12 Status 204: No Content
2024-09-09 12:00:17 Status 200: OK
2024-09-09 12:00:22 Status 200: OK
2024-09-09 12:00:25 Status 202: Accepted
2024-09-09 12:00:28 Status 200: OK
2024-09-09 12:00:32 Status 301: Moved Permanently
2024-09-09 12:00:36 Status 200: OK
2024-09-09 12:00:41 Status 302: Found
2024-09-09 12:00:44 Status 200: OK
2024-09-09 12:00:48 Status 200: OK
2024-09-09 12:00:52 Status 201: Created
2024-09-09 12:00:58 Status 200: OK
2024-09-09 12:01:01 Status 304: Not Modified
2024-09-09 12:01:05 Status 200: OK
2024-09-09 12:01:10 Status 200: OK
2024-09-09 12:01:15 Status 204: No Content
2024-09-09 12:01:19 Status 200: OK
