2024-09-09 12:00:01 Error 404: Page not found
2024-09-09 12:00:03 Error 500: Internal server error
2024-09-09 12:00:12 Error 403: Forbidden
2024-09-09 12:00:21 Error 401: Unauthorized
2024-09-09 12:00:32 Error 503: Service unavailable
2024-09-09 12:00:41 Error 400: Bad request
2024-09-09 12:00:55 Error 504: Gateway timeout
2024-09-09 12:01:08 Error 404: Page not found
2024-09-09 12:01:19 Error 502: Bad gateway
2024-09-09 12:01:33 Error 429: Too many requests
2024-09-09 12:01:46 Error 408: Request timeout
2024-09-09 12:01:59 Error 500: Internal server error
2024-09-09 12:02:11 Error 405: Method not allowed
2024-09-09 12:02:24 Error 404: Page not found
2024-09-09 12:02:37 Error 409: Conflict
2024-09-09 12:02:50 Error 503: Service unavailable
2024-09-09 12:03:04 Error 410: Gone
2024-09-09 12:03:17 Error 422: Unprocessable entity
2024-09-09 12:03:29 Error 500: Internal server error
2024-09-09 12:03:42 Error 403: Forbidden
