2024-09-09 12:00:01 Status 200: OK
2024-09-09 12:00:07 Status 201: Created
2024-09-09 12:00:15 Status 204: No content
2024-09-09 12:00:26 Status 200: OK
2024-09-09 12:00:38 Status 301: Moved permanently
2024-09-09 12:00:49 Status 200: OK
2024-09-09 12:01:02 Status 302: Found
2024-09-09 12:01:14 Status 202: Accepted
2024-09-09 12:01:27 Status 200: OK
2024-09-09 12:01:40 Status 304: Not modified
2024-09-09 12:01:52 Status 201: Created
2024-09-09 12:02:05 Status 200: OK
2024-09-09 12:02:18 Status 204: No content
2024-09-09 12:02:30 Status 307: Temporary redirect
2024-09-09 12:02:43 Status 200: OK
2024-09-09 12:02:56 Status 206: Partial content
2024-09-09 12:03:10 Status 200: OK
2024-09-09 12:03:23 Status 202: Accepted
2024-09-09 12:03:36 Status 301: Moved permanently
2024-09-09 12:03:49 Status 200: OK